Starting v3 training: epochs=150, imgsz=1280, batch=8, lr0=0.001
New https://pypi.org/project/ultralytics/8.4.61 available  Update with 'pip install -U ultralytics'
Ultralytics 8.4.46  Python-3.12.3 torch-2.9.0+cpu CPU (13th Gen Intel Core i7-13700H)
[34m[1mengine\trainer: [0magnostic_nms=False, amp=True, angle=1.0, augment=True, auto_augment=randaugment, batch=8, bgr=0.0, box=7.5, cache=False, cfg=None, classes=None, close_mosaic=10, cls=0.5, cls_pw=0.0, compile=False, conf=None, copy_paste=0.0, copy_paste_mode=flip, cos_lr=False, cutmix=0.0, data=pitch_keypoints_data/data.yaml, degrees=0.0, deterministic=True, device=cpu, dfl=1.5, dnn=False, dropout=0.0, dynamic=False, embed=None, end2end=None, epochs=150, erasing=0.4, exist_ok=True, fliplr=0.5, flipud=0.0, format=torchscript, fraction=1.0, freeze=None, half=False, hsv_h=0.015, hsv_s=0.7, hsv_v=0.4, imgsz=1280, int8=False, iou=0.7, keras=False, kobj=1.0, line_width=None, lr0=0.001, lrf=0.01, mask_ratio=4, max_det=300, mixup=0.0, mode=train, model=yolov8n-pose.pt, momentum=0.937, mosaic=1.0, multi_scale=0.0, name=pitch_keypoints_v3, nbs=64, nms=False, opset=None, optimize=False, optimizer=auto, overlap_mask=True, patience=30, perspective=0.0, plots=True, pose=12.0, pretrained=True, profile=False, project=pose, rect=False, resume=False, retina_masks=False, rle=1.0, save=True, save_conf=False, save_crop=False, save_dir=C:\Users\latha\runs\pose\pose\pitch_keypoints_v3, save_frames=False, save_json=False, save_period=-1, save_txt=False, scale=0.5, seed=0, shear=0.0, show=False, show_boxes=True, show_conf=True, show_labels=True, simplify=True, single_cls=False, source=None, split=val, stream_buffer=False, task=pose, time=None, tracker=botsort.yaml, translate=0.1, val=True, verbose=True, vid_stride=1, visualize=False, warmup_bias_lr=0.1, warmup_epochs=3.0, warmup_momentum=0.8, weight_decay=0.0005, workers=4, workspace=None
Overriding model.yaml kpt_shape=[17, 3] with kpt_shape=[48, 3]

                   from  n    params  module                                       arguments                     
  0                  -1  1       464  ultralytics.nn.modules.conv.Conv             [3, 16, 3, 2]                 
  1                  -1  1      4672  ultralytics.nn.modules.conv.Conv             [16, 32, 3, 2]                
  2                  -1  1      7360  ultralytics.nn.modules.block.C2f             [32, 32, 1, True]             
  3                  -1  1     18560  ultralytics.nn.modules.conv.Conv             [32, 64, 3, 2]                
  4                  -1  2     49664  ultralytics.nn.modules.block.C2f             [64, 64, 2, True]             
  5                  -1  1     73984  ultralytics.nn.modules.conv.Conv             [64, 128, 3, 2]               
  6                  -1  2    197632  ultralytics.nn.modules.block.C2f             [128, 128, 2, True]           
  7                  -1  1    295424  ultralytics.nn.modules.conv.Conv             [128, 256, 3, 2]              
  8                  -1  1    460288  ultralytics.nn.modules.block.C2f             [256, 256, 1, True]           
  9                  -1  1    164608  ultralytics.nn.modules.block.SPPF            [256, 256, 5]                 
 10                  -1  1         0  torch.nn.modules.upsampling.Upsample         [None, 2, 'nearest']          
 11             [-1, 6]  1         0  ultralytics.nn.modules.conv.Concat           [1]                           
 12                  -1  1    148224  ultralytics.nn.modules.block.C2f             [384, 128, 1]                 
 13                  -1  1         0  torch.nn.modules.upsampling.Upsample         [None, 2, 'nearest']          
 14             [-1, 4]  1         0  ultralytics.nn.modules.conv.Concat           [1]                           
 15                  -1  1     37248  ultralytics.nn.modules.block.C2f             [192, 64, 1]                  
 16                  -1  1     36992  ultralytics.nn.modules.conv.Conv             [64, 64, 3, 2]                
 17            [-1, 12]  1         0  ultralytics.nn.modules.conv.Concat           [1]                           
 18                  -1  1    123648  ultralytics.nn.modules.block.C2f             [192, 128, 1]                 
 19                  -1  1    147712  ultralytics.nn.modules.conv.Conv             [128, 128, 3, 2]              
 20             [-1, 9]  1         0  ultralytics.nn.modules.conv.Concat           [1]                           
 21                  -1  1    493056  ultralytics.nn.modules.block.C2f             [384, 256, 1]                 
 22        [15, 18, 21]  1   1956355  ultralytics.nn.modules.head.Pose             [1, [48, 3], 16, None, [64, 128, 256]]
YOLOv8n-pose summary: 145 layers, 4,215,891 parameters, 4,215,875 gradients, 13.6 GFLOPs

Transferred 361/397 items from pretrained weights
Freezing layer 'model.22.dfl.conv.weight'
[34m[1mtrain: [0mFast image access  (ping: 0.00.0 ms, read: 250.6102.8 MB/s, size: 111.4 KB)
[K[34m[1mtrain: [0mScanning C:\UCLA\yolo model 2\train\labels.cache... 273 images, 509 backgrounds, 0 corrupt: 100% ━━━━━━━━━━━━ 782/782  0.0s
[34m[1malbumentations: [0mBlur(p=0.01, blur_limit=(3, 7)), MedianBlur(p=0.01, blur_limit=(3, 7)), ToGray(p=0.01, method='weighted_average', num_output_channels=3), CLAHE(p=0.01, clip_limit=(1.0, 4.0), tile_grid_size=(8, 8))
[34m[1mval: [0mFast image access  (ping: 0.00.0 ms, read: 318.679.8 MB/s, size: 92.2 KB)
[K[34m[1mval: [0mScanning C:\UCLA\yolo model 2\pitch_keypoints_data\valid\labels.cache... 98 images, 0 backgrounds, 0 corrupt: 100% ━━━━━━━━━━━━ 98/98  0.0s
[34m[1moptimizer:[0m 'optimizer=auto' found, ignoring 'lr0=0.001' and 'momentum=0.937' and determining best 'optimizer', 'lr0' and 'momentum' automatically... 
[34m[1moptimizer:[0m AdamW(lr=0.002, momentum=0.9) with parameter groups 63 weight(decay=0.0), 73 weight(decay=0.0005), 72 bias(decay=0.0)
Plotting labels to C:\Users\latha\runs\pose\pose\pitch_keypoints_v3\labels.jpg... 
Image sizes 1280 train, 1280 val
Using 0 dataloader workers
Logging results to [1mC:\Users\latha\runs\pose\pose\pitch_keypoints_v3[0m
Starting training for 150 epochs...

      Epoch    GPU_mem   box_loss  pose_loss  kobj_loss   cls_loss   dfl_loss  Instances       Size
[K      1/150         0G      3.761       10.9     0.7157      19.45      4.066         11       1280: 0% ──────────── 0/98  56.0s[K      1/150         0G      3.761       10.9     0.7157      19.45      4.066         11       1280: 1% ──────────── 1/98 1.5s/it 56.4s<2:22[K      1/150         0G      3.669      11.37     0.7122      50.48      3.964          3       1280: 1% ──────────── 1/98 2.1s/it 1:43<3:23[K      1/150         0G      3.669      11.37     0.7122      50.48      3.964          3       1280: 2% ──────────── 2/98 3.3it/s 1:43<28.9s[K      1/150         0G      3.763      10.98     0.7118      43.13      4.023          7       1280: 2% ──────────── 2/98 2.3it/s 2:28<41.4s[K      1/150         0G      3.763      10.98     0.7118      43.13      4.023          7       1280: 3% ──────────── 3/98 3.9it/s 2:28<24.4s[K      1/150         0G      3.651      11.23     0.7112      39.06      3.935          7       1280: 3% ──────────── 3/98 2.7it/s 3:44<34.9s[K      1/150         0G      3.699      11.36     0.7111      36.54      3.924          6       1280: 4% ──────────── 4/98 1.9it/s 5:10<49.3s[K      1/150         0G      3.654      11.46     0.7111      32.89      3.901          7       1280: 5% ╸─────────── 5/98 1.3it/s 6:06<1:09[K      1/150         0G      3.687      11.53     0.7095      29.33      3.912         11       1280: 6% ╸─────────── 6/98 1.1s/it 6:47<1:37[K      1/150         0G      3.682      11.59     0.7087      26.45      3.889          7       1280: 7% ╸─────────── 7/98 1.5s/it 7:23<2:16